#-----------------------------------------------------------
# Vivado v2025.1 (64-bit)
# SW Build 6140274 on Wed May 21 22:58:25 MDT 2025
# IP Build 6138677 on Thu May 22 03:10:11 MDT 2025
# SharedData Build 6139179 on Tue May 20 17:58:58 MDT 2025
# Start of session at: Mon Feb  9 11:53:01 2026
# Process ID         : 2152042
# Current directory  : /home/minami/Coding_IPDesign/IP_lecture/dual_port_sram/dualportproj/dualportproj.runs/impl_1
# Command line       : vivado -log tpsram.vdi -applog -product Vivado -messageDb vivado.pb -mode batch -source tpsram.tcl -notrace
# Log file           : /home/minami/Coding_IPDesign/IP_lecture/dual_port_sram/dualportproj/dualportproj.runs/impl_1/tpsram.vdi
# Journal file       : /home/minami/Coding_IPDesign/IP_lecture/dual_port_sram/dualportproj/dualportproj.runs/impl_1/vivado.jou
# Running On         : minamidev
# Platform           : Ubuntu
# Operating System   : Ubuntu 24.04.3 LTS
# Processor Detail   : AMD EPYC 7551P 32-Core Processor
# CPU Frequency      : 1996.158 MHz
# CPU Physical cores : 12
# CPU Logical cores  : 12
# Host memory        : 33653 MB
# Swap memory        : 4294 MB
# Total Virtual      : 37948 MB
# Available Virtual  : 29774 MB
#-----------------------------------------------------------
source tpsram.tcl -notrace
