Copyright 1986-2022 Xilinx, Inc. All Rights Reserved. Copyright 2022-2025 Advanced Micro Devices, Inc. All Rights Reserved.
---------------------------------------------------------------------------------------------------------------------------------------------
| Tool Version : Vivado v.2025.1 (lin64) Build 6140274 Wed May 21 22:58:25 MDT 2025
| Date         : Sun Mar  8 11:30:37 2026
| Host         : minamidev running 64-bit Ubuntu 24.04.4 LTS
| Command      : report_drc -file ddrctl_v2_drc_opted.rpt -pb ddrctl_v2_drc_opted.pb -rpx ddrctl_v2_drc_opted.rpx
| Design       : ddrctl_v2
| Device       : xc7z010clg400-1
| Speed File   : -1
| Design State : Synthesized
---------------------------------------------------------------------------------------------------------------------------------------------

Report DRC

Table of Contents
-----------------
1. REPORT SUMMARY
2. REPORT DETAILS

1. REPORT SUMMARY
-----------------
            Netlist: netlist
          Floorplan: design_1
      Design limits: <entire design considered>
           Ruledeck: default
             Max checks: <unlimited>
             Checks found: 6
+-------------+------------------+-------------------------------------------------------------+--------+
| Rule        | Severity         | Description                                                 | Checks |
+-------------+------------------+-------------------------------------------------------------+--------+
| NSTD-1      | Critical Warning | Unspecified I/O Standard                                    | 1      |
| UCIO-1      | Critical Warning | Unconstrained Logical Port                                  | 1      |
| IOCNT-1     | Warning          | Number of IOs                                               | 1      |
| PLHOLDVIO-2 | Warning          | Non-Optimal connections which could lead to hold violations | 1      |
| RPBF-3      | Warning          | IO port buffering is incomplete                             | 1      |
| ZPS7-1      | Warning          | PS7 block required                                          | 1      |
+-------------+------------------+-------------------------------------------------------------+--------+

2. REPORT DETAILS
-----------------
NSTD-1#1 Critical Warning
Unspecified I/O Standard  
179 out of 179 logical ports use I/O standard (IOSTANDARD) value 'DEFAULT', instead of a user assigned specific value. This may cause I/O contention or incompatibility with the board power or connectivity affecting performance, signal integrity or in extreme cases cause damage to the device or the components to which it is connected. To correct this violation, specify all I/O standards. This design will fail to generate a bitstream unless all logical ports have a user specified I/O standard value defined. To allow bitstream creation with unspecified I/O standard values (not recommended), use this command: set_property SEVERITY {Warning} [get_drc_checks NSTD-1].  NOTE: When using the Vivado Runs infrastructure (e.g. launch_runs Tcl command), add this command to a .tcl file and add that file as a pre-hook for write_bitstream step for the implementation run. Problem ports: a[17:0], actn, ba[1:0], bg[1:0], ck_c, ck_t, cke, clk, csn, dq[7:0], dqs_c,
dqs_t, i_addr[7:0], i_wdata[63:0], o_rdata[63:0]
 (the first 15 of 20 listed).
Related violations: <none>

UCIO-1#1 Critical Warning
Unconstrained Logical Port  
179 out of 179 logical ports have no user assigned specific location constraint (LOC). This may cause I/O contention or incompatibility with the board power or connectivity affecting performance, signal integrity or in extreme cases cause damage to the device or the components to which it is connected. To correct this violation, specify all pin locations. This design will fail to generate a bitstream unless all logical ports have a user specified site LOC constraint defined.  To allow bitstream creation with unspecified pin locations (not recommended), use this command: set_property SEVERITY {Warning} [get_drc_checks UCIO-1].  NOTE: When using the Vivado Runs infrastructure (e.g. launch_runs Tcl command), add this command to a .tcl file and add that file as a pre-hook for write_bitstream step for the implementation run.  Problem ports: a[17:0], actn, ba[1:0], bg[1:0], ck_c, ck_t, cke, clk, csn, dq[7:0], dqs_c,
dqs_t, i_addr[7:0], i_wdata[63:0], o_rdata[63:0]
 (the first 15 of 20 listed).
Related violations: <none>

IOCNT-1#1 Warning
Number of IOs  
The design contains 179 unplaced I/O ports while the target device, xc7z010clg400-1, has 100 remaining available user I/O pins. This DRC assumes that all ports which do not drive MGT pins should be placed on user I/O pins. To correct this issue:
1. Ensure you are targeting the correct device and package. Select a larger device or different package if necessary.
2. Check the top-level ports of the design to ensure the correct number of ports are specified.
3. Consider design changes to reduce the number of user I/O pins needed.

Related violations: <none>

PLHOLDVIO-2#1 Warning
Non-Optimal connections which could lead to hold violations  
A LUT data_cnt[2]_i_2 is driving clock pin of 3 cells. This could lead to large hold time violations. Involved cells are:
data_cnt_reg[0], data_cnt_reg[1], data_cnt_reg[2]
Related violations: <none>

RPBF-3#1 Warning
IO port buffering is incomplete  
Device port dqs_c expects both input and output buffering but the buffers are incomplete.
Related violations: <none>

ZPS7-1#1 Warning
PS7 block required  
The PS7 cell must be used in this Zynq design in order to enable correct default configuration.
Related violations: <none>


