Copyright 1986-2022 Xilinx, Inc. All Rights Reserved. Copyright 2022-2025 Advanced Micro Devices, Inc. All Rights Reserved.
---------------------------------------------------------------------------------------------------------------------------------------------
| Tool Version : Vivado v.2025.1 (lin64) Build 6140274 Wed May 21 22:58:25 MDT 2025
| Date         : Wed Apr  8 12:03:29 2026
| Host         : minamidev running 64-bit Ubuntu 24.04.4 LTS
| Command      : report_methodology -file opt_report_methodology_0.rpt -pb opt_report_methodology_0.pb -rpx opt_report_methodology_0.rpx
| Design       : real_wrapper
| Device       : xczu5eg-fbvb900-1-e
| Speed File   : -1
| Design State : Synthesized
---------------------------------------------------------------------------------------------------------------------------------------------

Report Methodology

Table of Contents
-----------------
1. REPORT SUMMARY
2. REPORT DETAILS

1. REPORT SUMMARY
-----------------
            Netlist: netlist
          Floorplan: design_1
      Design limits: <entire design considered>
             Max checks: <unlimited>
             Checks found: 213
+-----------+----------+-----------------------------------------------------------+--------+
| Rule      | Severity | Description                                               | Checks |
+-----------+----------+-----------------------------------------------------------+--------+
| LUTAR-1   | Warning  | LUT drives async reset alert                              | 1      |
| SYNTH-5   | Warning  | Mapped onto distributed RAM because of timing constraints | 64     |
| SYNTH-6   | Warning  | Timing of a RAM block might be sub-optimal                | 1      |
| TIMING-18 | Warning  | Missing input or output delay                             | 147    |
+-----------+----------+-----------------------------------------------------------+--------+

2. REPORT DETAILS
-----------------
LUTAR-1#1 Warning
LUT drives async reset alert  
LUT cell dut/reg_id/o_addr[31]_i_2, with 2 or more inputs, drives asynchronous preset/clear pin(s) dut/pc/o_addr_reg[25]/CLR, dut/pc/o_addr_reg[26]/CLR,
dut/pc/o_addr_reg[27]/CLR, dut/pc/o_addr_reg[28]/CLR,
dut/pc/o_addr_reg[29]/CLR, dut/pc/o_addr_reg[2]/CLR,
dut/pc/o_addr_reg[30]/CLR, dut/pc/o_addr_reg[31]/CLR,
dut/pc/o_addr_reg[3]/PRE, dut/pc/o_addr_reg[4]/CLR,
dut/pc/o_addr_reg[5]/CLR, dut/pc/o_addr_reg[6]/CLR,
dut/pc/o_addr_reg[7]/CLR, dut/pc/o_addr_reg[8]/CLR,
dut/pc/o_addr_reg[9]/CLR (the first 15 of 32 listed). The LUT may glitch and trigger an unexpected reset, even if it is a properly timed path.
Related violations: <none>

SYNTH-5#1 Warning
Mapped onto distributed RAM because of timing constraints  
The instance dut/mem_stage/dm/data_reg_reg_0_511_0_0 is implemented as distributed LUT RAM for the following reason: The timing constraints suggest that the chosen mapping will yield a better timing.
Related violations: <none>

SYNTH-5#2 Warning
Mapped onto distributed RAM because of timing constraints  
The instance dut/mem_stage/dm/data_reg_reg_0_511_10_10 is implemented as distributed LUT RAM for the following reason: The timing constraints suggest that the chosen mapping will yield a better timing.
Related violations: <none>

SYNTH-5#3 Warning
Mapped onto distributed RAM because of timing constraints  
The instance dut/mem_stage/dm/data_reg_reg_0_511_11_11 is implemented as distributed LUT RAM for the following reason: The timing constraints suggest that the chosen mapping will yield a better timing.
Related violations: <none>

SYNTH-5#4 Warning
Mapped onto distributed RAM because of timing constraints  
The instance dut/mem_stage/dm/data_reg_reg_0_511_12_12 is implemented as distributed LUT RAM for the following reason: The timing constraints suggest that the chosen mapping will yield a better timing.
Related violations: <none>

SYNTH-5#5 Warning
Mapped onto distributed RAM because of timing constraints  
The instance dut/mem_stage/dm/data_reg_reg_0_511_13_13 is implemented as distributed LUT RAM for the following reason: The timing constraints suggest that the chosen mapping will yield a better timing.
Related violations: <none>

SYNTH-5#6 Warning
Mapped onto distributed RAM because of timing constraints  
The instance dut/mem_stage/dm/data_reg_reg_0_511_14_14 is implemented as distributed LUT RAM for the following reason: The timing constraints suggest that the chosen mapping will yield a better timing.
Related violations: <none>

SYNTH-5#7 Warning
Mapped onto distributed RAM because of timing constraints  
The instance dut/mem_stage/dm/data_reg_reg_0_511_15_15 is implemented as distributed LUT RAM for the following reason: The timing constraints suggest that the chosen mapping will yield a better timing.
Related violations: <none>

SYNTH-5#8 Warning
Mapped onto distributed RAM because of timing constraints  
The instance dut/mem_stage/dm/data_reg_reg_0_511_16_16 is implemented as distributed LUT RAM for the following reason: The timing constraints suggest that the chosen mapping will yield a better timing.
Related violations: <none>

SYNTH-5#9 Warning
Mapped onto distributed RAM because of timing constraints  
The instance dut/mem_stage/dm/data_reg_reg_0_511_17_17 is implemented as distributed LUT RAM for the following reason: The timing constraints suggest that the chosen mapping will yield a better timing.
Related violations: <none>

SYNTH-5#10 Warning
Mapped onto distributed RAM because of timing constraints  
The instance dut/mem_stage/dm/data_reg_reg_0_511_18_18 is implemented as distributed LUT RAM for the following reason: The timing constraints suggest that the chosen mapping will yield a better timing.
Related violations: <none>

SYNTH-5#11 Warning
Mapped onto distributed RAM because of timing constraints  
The instance dut/mem_stage/dm/data_reg_reg_0_511_19_19 is implemented as distributed LUT RAM for the following reason: The timing constraints suggest that the chosen mapping will yield a better timing.
Related violations: <none>

SYNTH-5#12 Warning
Mapped onto distributed RAM because of timing constraints  
The instance dut/mem_stage/dm/data_reg_reg_0_511_1_1 is implemented as distributed LUT RAM for the following reason: The timing constraints suggest that the chosen mapping will yield a better timing.
Related violations: <none>

SYNTH-5#13 Warning
Mapped onto distributed RAM because of timing constraints  
The instance dut/mem_stage/dm/data_reg_reg_0_511_20_20 is implemented as distributed LUT RAM for the following reason: The timing constraints suggest that the chosen mapping will yield a better timing.
Related violations: <none>

SYNTH-5#14 Warning
Mapped onto distributed RAM because of timing constraints  
The instance dut/mem_stage/dm/data_reg_reg_0_511_21_21 is implemented as distributed LUT RAM for the following reason: The timing constraints suggest that the chosen mapping will yield a better timing.
Related violations: <none>

SYNTH-5#15 Warning
Mapped onto distributed RAM because of timing constraints  
The instance dut/mem_stage/dm/data_reg_reg_0_511_22_22 is implemented as distributed LUT RAM for the following reason: The timing constraints suggest that the chosen mapping will yield a better timing.
Related violations: <none>

SYNTH-5#16 Warning
Mapped onto distributed RAM because of timing constraints  
The instance dut/mem_stage/dm/data_reg_reg_0_511_23_23 is implemented as distributed LUT RAM for the following reason: The timing constraints suggest that the chosen mapping will yield a better timing.
Related violations: <none>

SYNTH-5#17 Warning
Mapped onto distributed RAM because of timing constraints  
The instance dut/mem_stage/dm/data_reg_reg_0_511_24_24 is implemented as distributed LUT RAM for the following reason: The timing constraints suggest that the chosen mapping will yield a better timing.
Related violations: <none>

SYNTH-5#18 Warning
Mapped onto distributed RAM because of timing constraints  
The instance dut/mem_stage/dm/data_reg_reg_0_511_25_25 is implemented as distributed LUT RAM for the following reason: The timing constraints suggest that the chosen mapping will yield a better timing.
Related violations: <none>

SYNTH-5#19 Warning
Mapped onto distributed RAM because of timing constraints  
The instance dut/mem_stage/dm/data_reg_reg_0_511_26_26 is implemented as distributed LUT RAM for the following reason: The timing constraints suggest that the chosen mapping will yield a better timing.
Related violations: <none>

SYNTH-5#20 Warning
Mapped onto distributed RAM because of timing constraints  
The instance dut/mem_stage/dm/data_reg_reg_0_511_27_27 is implemented as distributed LUT RAM for the following reason: The timing constraints suggest that the chosen mapping will yield a better timing.
Related violations: <none>

SYNTH-5#21 Warning
Mapped onto distributed RAM because of timing constraints  
The instance dut/mem_stage/dm/data_reg_reg_0_511_28_28 is implemented as distributed LUT RAM for the following reason: The timing constraints suggest that the chosen mapping will yield a better timing.
Related violations: <none>

SYNTH-5#22 Warning
Mapped onto distributed RAM because of timing constraints  
The instance dut/mem_stage/dm/data_reg_reg_0_511_29_29 is implemented as distributed LUT RAM for the following reason: The timing constraints suggest that the chosen mapping will yield a better timing.
Related violations: <none>

SYNTH-5#23 Warning
Mapped onto distributed RAM because of timing constraints  
The instance dut/mem_stage/dm/data_reg_reg_0_511_2_2 is implemented as distributed LUT RAM for the following reason: The timing constraints suggest that the chosen mapping will yield a better timing.
Related violations: <none>

SYNTH-5#24 Warning
Mapped onto distributed RAM because of timing constraints  
The instance dut/mem_stage/dm/data_reg_reg_0_511_30_30 is implemented as distributed LUT RAM for the following reason: The timing constraints suggest that the chosen mapping will yield a better timing.
Related violations: <none>

SYNTH-5#25 Warning
Mapped onto distributed RAM because of timing constraints  
The instance dut/mem_stage/dm/data_reg_reg_0_511_31_31 is implemented as distributed LUT RAM for the following reason: The timing constraints suggest that the chosen mapping will yield a better timing.
Related violations: <none>

SYNTH-5#26 Warning
Mapped onto distributed RAM because of timing constraints  
The instance dut/mem_stage/dm/data_reg_reg_0_511_3_3 is implemented as distributed LUT RAM for the following reason: The timing constraints suggest that the chosen mapping will yield a better timing.
Related violations: <none>

SYNTH-5#27 Warning
Mapped onto distributed RAM because of timing constraints  
The instance dut/mem_stage/dm/data_reg_reg_0_511_4_4 is implemented as distributed LUT RAM for the following reason: The timing constraints suggest that the chosen mapping will yield a better timing.
Related violations: <none>

SYNTH-5#28 Warning
Mapped onto distributed RAM because of timing constraints  
The instance dut/mem_stage/dm/data_reg_reg_0_511_5_5 is implemented as distributed LUT RAM for the following reason: The timing constraints suggest that the chosen mapping will yield a better timing.
Related violations: <none>

SYNTH-5#29 Warning
Mapped onto distributed RAM because of timing constraints  
The instance dut/mem_stage/dm/data_reg_reg_0_511_6_6 is implemented as distributed LUT RAM for the following reason: The timing constraints suggest that the chosen mapping will yield a better timing.
Related violations: <none>

SYNTH-5#30 Warning
Mapped onto distributed RAM because of timing constraints  
The instance dut/mem_stage/dm/data_reg_reg_0_511_7_7 is implemented as distributed LUT RAM for the following reason: The timing constraints suggest that the chosen mapping will yield a better timing.
Related violations: <none>

SYNTH-5#31 Warning
Mapped onto distributed RAM because of timing constraints  
The instance dut/mem_stage/dm/data_reg_reg_0_511_8_8 is implemented as distributed LUT RAM for the following reason: The timing constraints suggest that the chosen mapping will yield a better timing.
Related violations: <none>

SYNTH-5#32 Warning
Mapped onto distributed RAM because of timing constraints  
The instance dut/mem_stage/dm/data_reg_reg_0_511_9_9 is implemented as distributed LUT RAM for the following reason: The timing constraints suggest that the chosen mapping will yield a better timing.
Related violations: <none>

SYNTH-5#33 Warning
Mapped onto distributed RAM because of timing constraints  
The instance dut/mem_stage/dm/data_reg_reg_512_1023_0_0 is implemented as distributed LUT RAM for the following reason: The timing constraints suggest that the chosen mapping will yield a better timing.
Related violations: <none>

SYNTH-5#34 Warning
Mapped onto distributed RAM because of timing constraints  
The instance dut/mem_stage/dm/data_reg_reg_512_1023_10_10 is implemented as distributed LUT RAM for the following reason: The timing constraints suggest that the chosen mapping will yield a better timing.
Related violations: <none>

SYNTH-5#35 Warning
Mapped onto distributed RAM because of timing constraints  
The instance dut/mem_stage/dm/data_reg_reg_512_1023_11_11 is implemented as distributed LUT RAM for the following reason: The timing constraints suggest that the chosen mapping will yield a better timing.
Related violations: <none>

SYNTH-5#36 Warning
Mapped onto distributed RAM because of timing constraints  
The instance dut/mem_stage/dm/data_reg_reg_512_1023_12_12 is implemented as distributed LUT RAM for the following reason: The timing constraints suggest that the chosen mapping will yield a better timing.
Related violations: <none>

SYNTH-5#37 Warning
Mapped onto distributed RAM because of timing constraints  
The instance dut/mem_stage/dm/data_reg_reg_512_1023_13_13 is implemented as distributed LUT RAM for the following reason: The timing constraints suggest that the chosen mapping will yield a better timing.
Related violations: <none>

SYNTH-5#38 Warning
Mapped onto distributed RAM because of timing constraints  
The instance dut/mem_stage/dm/data_reg_reg_512_1023_14_14 is implemented as distributed LUT RAM for the following reason: The timing constraints suggest that the chosen mapping will yield a better timing.
Related violations: <none>

SYNTH-5#39 Warning
Mapped onto distributed RAM because of timing constraints  
The instance dut/mem_stage/dm/data_reg_reg_512_1023_15_15 is implemented as distributed LUT RAM for the following reason: The timing constraints suggest that the chosen mapping will yield a better timing.
Related violations: <none>

SYNTH-5#40 Warning
Mapped onto distributed RAM because of timing constraints  
The instance dut/mem_stage/dm/data_reg_reg_512_1023_16_16 is implemented as distributed LUT RAM for the following reason: The timing constraints suggest that the chosen mapping will yield a better timing.
Related violations: <none>

SYNTH-5#41 Warning
Mapped onto distributed RAM because of timing constraints  
The instance dut/mem_stage/dm/data_reg_reg_512_1023_17_17 is implemented as distributed LUT RAM for the following reason: The timing constraints suggest that the chosen mapping will yield a better timing.
Related violations: <none>

SYNTH-5#42 Warning
Mapped onto distributed RAM because of timing constraints  
The instance dut/mem_stage/dm/data_reg_reg_512_1023_18_18 is implemented as distributed LUT RAM for the following reason: The timing constraints suggest that the chosen mapping will yield a better timing.
Related violations: <none>

SYNTH-5#43 Warning
Mapped onto distributed RAM because of timing constraints  
The instance dut/mem_stage/dm/data_reg_reg_512_1023_19_19 is implemented as distributed LUT RAM for the following reason: The timing constraints suggest that the chosen mapping will yield a better timing.
Related violations: <none>

SYNTH-5#44 Warning
Mapped onto distributed RAM because of timing constraints  
The instance dut/mem_stage/dm/data_reg_reg_512_1023_1_1 is implemented as distributed LUT RAM for the following reason: The timing constraints suggest that the chosen mapping will yield a better timing.
Related violations: <none>

SYNTH-5#45 Warning
Mapped onto distributed RAM because of timing constraints  
The instance dut/mem_stage/dm/data_reg_reg_512_1023_20_20 is implemented as distributed LUT RAM for the following reason: The timing constraints suggest that the chosen mapping will yield a better timing.
Related violations: <none>

SYNTH-5#46 Warning
Mapped onto distributed RAM because of timing constraints  
The instance dut/mem_stage/dm/data_reg_reg_512_1023_21_21 is implemented as distributed LUT RAM for the following reason: The timing constraints suggest that the chosen mapping will yield a better timing.
Related violations: <none>

SYNTH-5#47 Warning
Mapped onto distributed RAM because of timing constraints  
The instance dut/mem_stage/dm/data_reg_reg_512_1023_22_22 is implemented as distributed LUT RAM for the following reason: The timing constraints suggest that the chosen mapping will yield a better timing.
Related violations: <none>

SYNTH-5#48 Warning
Mapped onto distributed RAM because of timing constraints  
The instance dut/mem_stage/dm/data_reg_reg_512_1023_23_23 is implemented as distributed LUT RAM for the following reason: The timing constraints suggest that the chosen mapping will yield a better timing.
Related violations: <none>

SYNTH-5#49 Warning
Mapped onto distributed RAM because of timing constraints  
The instance dut/mem_stage/dm/data_reg_reg_512_1023_24_24 is implemented as distributed LUT RAM for the following reason: The timing constraints suggest that the chosen mapping will yield a better timing.
Related violations: <none>

SYNTH-5#50 Warning
Mapped onto distributed RAM because of timing constraints  
The instance dut/mem_stage/dm/data_reg_reg_512_1023_25_25 is implemented as distributed LUT RAM for the following reason: The timing constraints suggest that the chosen mapping will yield a better timing.
Related violations: <none>

SYNTH-5#51 Warning
Mapped onto distributed RAM because of timing constraints  
The instance dut/mem_stage/dm/data_reg_reg_512_1023_26_26 is implemented as distributed LUT RAM for the following reason: The timing constraints suggest that the chosen mapping will yield a better timing.
Related violations: <none>

SYNTH-5#52 Warning
Mapped onto distributed RAM because of timing constraints  
The instance dut/mem_stage/dm/data_reg_reg_512_1023_27_27 is implemented as distributed LUT RAM for the following reason: The timing constraints suggest that the chosen mapping will yield a better timing.
Related violations: <none>

SYNTH-5#53 Warning
Mapped onto distributed RAM because of timing constraints  
The instance dut/mem_stage/dm/data_reg_reg_512_1023_28_28 is implemented as distributed LUT RAM for the following reason: The timing constraints suggest that the chosen mapping will yield a better timing.
Related violations: <none>

SYNTH-5#54 Warning
Mapped onto distributed RAM because of timing constraints  
The instance dut/mem_stage/dm/data_reg_reg_512_1023_29_29 is implemented as distributed LUT RAM for the following reason: The timing constraints suggest that the chosen mapping will yield a better timing.
Related violations: <none>

SYNTH-5#55 Warning
Mapped onto distributed RAM because of timing constraints  
The instance dut/mem_stage/dm/data_reg_reg_512_1023_2_2 is implemented as distributed LUT RAM for the following reason: The timing constraints suggest that the chosen mapping will yield a better timing.
Related violations: <none>

SYNTH-5#56 Warning
Mapped onto distributed RAM because of timing constraints  
The instance dut/mem_stage/dm/data_reg_reg_512_1023_30_30 is implemented as distributed LUT RAM for the following reason: The timing constraints suggest that the chosen mapping will yield a better timing.
Related violations: <none>

SYNTH-5#57 Warning
Mapped onto distributed RAM because of timing constraints  
The instance dut/mem_stage/dm/data_reg_reg_512_1023_31_31 is implemented as distributed LUT RAM for the following reason: The timing constraints suggest that the chosen mapping will yield a better timing.
Related violations: <none>

SYNTH-5#58 Warning
Mapped onto distributed RAM because of timing constraints  
The instance dut/mem_stage/dm/data_reg_reg_512_1023_3_3 is implemented as distributed LUT RAM for the following reason: The timing constraints suggest that the chosen mapping will yield a better timing.
Related violations: <none>

SYNTH-5#59 Warning
Mapped onto distributed RAM because of timing constraints  
The instance dut/mem_stage/dm/data_reg_reg_512_1023_4_4 is implemented as distributed LUT RAM for the following reason: The timing constraints suggest that the chosen mapping will yield a better timing.
Related violations: <none>

SYNTH-5#60 Warning
Mapped onto distributed RAM because of timing constraints  
The instance dut/mem_stage/dm/data_reg_reg_512_1023_5_5 is implemented as distributed LUT RAM for the following reason: The timing constraints suggest that the chosen mapping will yield a better timing.
Related violations: <none>

SYNTH-5#61 Warning
Mapped onto distributed RAM because of timing constraints  
The instance dut/mem_stage/dm/data_reg_reg_512_1023_6_6 is implemented as distributed LUT RAM for the following reason: The timing constraints suggest that the chosen mapping will yield a better timing.
Related violations: <none>

SYNTH-5#62 Warning
Mapped onto distributed RAM because of timing constraints  
The instance dut/mem_stage/dm/data_reg_reg_512_1023_7_7 is implemented as distributed LUT RAM for the following reason: The timing constraints suggest that the chosen mapping will yield a better timing.
Related violations: <none>

SYNTH-5#63 Warning
Mapped onto distributed RAM because of timing constraints  
The instance dut/mem_stage/dm/data_reg_reg_512_1023_8_8 is implemented as distributed LUT RAM for the following reason: The timing constraints suggest that the chosen mapping will yield a better timing.
Related violations: <none>

SYNTH-5#64 Warning
Mapped onto distributed RAM because of timing constraints  
The instance dut/mem_stage/dm/data_reg_reg_512_1023_9_9 is implemented as distributed LUT RAM for the following reason: The timing constraints suggest that the chosen mapping will yield a better timing.
Related violations: <none>

SYNTH-6#1 Warning
Timing of a RAM block might be sub-optimal  
The timing for the instance dut/instmem/mem_reg_bram_0, implemented as a RAM block, might be sub-optimal as no output register was merged into the block.
Related violations: <none>

TIMING-18#1 Warning
Missing input or output delay  
An input delay is missing on inst_i_req relative to the rising and/or falling clock edge(s) of clk_core.
Related violations: <none>

TIMING-18#2 Warning
Missing input or output delay  
An input delay is missing on instmem_FORCEWADDR[0] relative to the rising and/or falling clock edge(s) of clk_core.
Related violations: <none>

TIMING-18#3 Warning
Missing input or output delay  
An input delay is missing on instmem_FORCEWADDR[10] relative to the rising and/or falling clock edge(s) of clk_core.
Related violations: <none>

TIMING-18#4 Warning
Missing input or output delay  
An input delay is missing on instmem_FORCEWADDR[11] relative to the rising and/or falling clock edge(s) of clk_core.
Related violations: <none>

TIMING-18#5 Warning
Missing input or output delay  
An input delay is missing on instmem_FORCEWADDR[12] relative to the rising and/or falling clock edge(s) of clk_core.
Related violations: <none>

TIMING-18#6 Warning
Missing input or output delay  
An input delay is missing on instmem_FORCEWADDR[13] relative to the rising and/or falling clock edge(s) of clk_core.
Related violations: <none>

TIMING-18#7 Warning
Missing input or output delay  
An input delay is missing on instmem_FORCEWADDR[14] relative to the rising and/or falling clock edge(s) of clk_core.
Related violations: <none>

TIMING-18#8 Warning
Missing input or output delay  
An input delay is missing on instmem_FORCEWADDR[15] relative to the rising and/or falling clock edge(s) of clk_core.
Related violations: <none>

TIMING-18#9 Warning
Missing input or output delay  
An input delay is missing on instmem_FORCEWADDR[16] relative to the rising and/or falling clock edge(s) of clk_core.
Related violations: <none>

TIMING-18#10 Warning
Missing input or output delay  
An input delay is missing on instmem_FORCEWADDR[17] relative to the rising and/or falling clock edge(s) of clk_core.
Related violations: <none>

TIMING-18#11 Warning
Missing input or output delay  
An input delay is missing on instmem_FORCEWADDR[18] relative to the rising and/or falling clock edge(s) of clk_core.
Related violations: <none>

TIMING-18#12 Warning
Missing input or output delay  
An input delay is missing on instmem_FORCEWADDR[19] relative to the rising and/or falling clock edge(s) of clk_core.
Related violations: <none>

TIMING-18#13 Warning
Missing input or output delay  
An input delay is missing on instmem_FORCEWADDR[1] relative to the rising and/or falling clock edge(s) of clk_core.
Related violations: <none>

TIMING-18#14 Warning
Missing input or output delay  
An input delay is missing on instmem_FORCEWADDR[20] relative to the rising and/or falling clock edge(s) of clk_core.
Related violations: <none>

TIMING-18#15 Warning
Missing input or output delay  
An input delay is missing on instmem_FORCEWADDR[21] relative to the rising and/or falling clock edge(s) of clk_core.
Related violations: <none>

TIMING-18#16 Warning
Missing input or output delay  
An input delay is missing on instmem_FORCEWADDR[22] relative to the rising and/or falling clock edge(s) of clk_core.
Related violations: <none>

TIMING-18#17 Warning
Missing input or output delay  
An input delay is missing on instmem_FORCEWADDR[23] relative to the rising and/or falling clock edge(s) of clk_core.
Related violations: <none>

TIMING-18#18 Warning
Missing input or output delay  
An input delay is missing on instmem_FORCEWADDR[24] relative to the rising and/or falling clock edge(s) of clk_core.
Related violations: <none>

TIMING-18#19 Warning
Missing input or output delay  
An input delay is missing on instmem_FORCEWADDR[25] relative to the rising and/or falling clock edge(s) of clk_core.
Related violations: <none>

TIMING-18#20 Warning
Missing input or output delay  
An input delay is missing on instmem_FORCEWADDR[26] relative to the rising and/or falling clock edge(s) of clk_core.
Related violations: <none>

TIMING-18#21 Warning
Missing input or output delay  
An input delay is missing on instmem_FORCEWADDR[27] relative to the rising and/or falling clock edge(s) of clk_core.
Related violations: <none>

TIMING-18#22 Warning
Missing input or output delay  
An input delay is missing on instmem_FORCEWADDR[28] relative to the rising and/or falling clock edge(s) of clk_core.
Related violations: <none>

TIMING-18#23 Warning
Missing input or output delay  
An input delay is missing on instmem_FORCEWADDR[29] relative to the rising and/or falling clock edge(s) of clk_core.
Related violations: <none>

TIMING-18#24 Warning
Missing input or output delay  
An input delay is missing on instmem_FORCEWADDR[2] relative to the rising and/or falling clock edge(s) of clk_core.
Related violations: <none>

TIMING-18#25 Warning
Missing input or output delay  
An input delay is missing on instmem_FORCEWADDR[30] relative to the rising and/or falling clock edge(s) of clk_core.
Related violations: <none>

TIMING-18#26 Warning
Missing input or output delay  
An input delay is missing on instmem_FORCEWADDR[31] relative to the rising and/or falling clock edge(s) of clk_core.
Related violations: <none>

TIMING-18#27 Warning
Missing input or output delay  
An input delay is missing on instmem_FORCEWADDR[3] relative to the rising and/or falling clock edge(s) of clk_core.
Related violations: <none>

TIMING-18#28 Warning
Missing input or output delay  
An input delay is missing on instmem_FORCEWADDR[4] relative to the rising and/or falling clock edge(s) of clk_core.
Related violations: <none>

TIMING-18#29 Warning
Missing input or output delay  
An input delay is missing on instmem_FORCEWADDR[5] relative to the rising and/or falling clock edge(s) of clk_core.
Related violations: <none>

TIMING-18#30 Warning
Missing input or output delay  
An input delay is missing on instmem_FORCEWADDR[6] relative to the rising and/or falling clock edge(s) of clk_core.
Related violations: <none>

TIMING-18#31 Warning
Missing input or output delay  
An input delay is missing on instmem_FORCEWADDR[7] relative to the rising and/or falling clock edge(s) of clk_core.
Related violations: <none>

TIMING-18#32 Warning
Missing input or output delay  
An input delay is missing on instmem_FORCEWADDR[8] relative to the rising and/or falling clock edge(s) of clk_core.
Related violations: <none>

TIMING-18#33 Warning
Missing input or output delay  
An input delay is missing on instmem_FORCEWADDR[9] relative to the rising and/or falling clock edge(s) of clk_core.
Related violations: <none>

TIMING-18#34 Warning
Missing input or output delay  
An input delay is missing on instmem_FORCEWINST[0] relative to the rising and/or falling clock edge(s) of clk_core.
Related violations: <none>

TIMING-18#35 Warning
Missing input or output delay  
An input delay is missing on instmem_FORCEWINST[10] relative to the rising and/or falling clock edge(s) of clk_core.
Related violations: <none>

TIMING-18#36 Warning
Missing input or output delay  
An input delay is missing on instmem_FORCEWINST[11] relative to the rising and/or falling clock edge(s) of clk_core.
Related violations: <none>

TIMING-18#37 Warning
Missing input or output delay  
An input delay is missing on instmem_FORCEWINST[12] relative to the rising and/or falling clock edge(s) of clk_core.
Related violations: <none>

TIMING-18#38 Warning
Missing input or output delay  
An input delay is missing on instmem_FORCEWINST[13] relative to the rising and/or falling clock edge(s) of clk_core.
Related violations: <none>

TIMING-18#39 Warning
Missing input or output delay  
An input delay is missing on instmem_FORCEWINST[14] relative to the rising and/or falling clock edge(s) of clk_core.
Related violations: <none>

TIMING-18#40 Warning
Missing input or output delay  
An input delay is missing on instmem_FORCEWINST[15] relative to the rising and/or falling clock edge(s) of clk_core.
Related violations: <none>

TIMING-18#41 Warning
Missing input or output delay  
An input delay is missing on instmem_FORCEWINST[16] relative to the rising and/or falling clock edge(s) of clk_core.
Related violations: <none>

TIMING-18#42 Warning
Missing input or output delay  
An input delay is missing on instmem_FORCEWINST[17] relative to the rising and/or falling clock edge(s) of clk_core.
Related violations: <none>

TIMING-18#43 Warning
Missing input or output delay  
An input delay is missing on instmem_FORCEWINST[18] relative to the rising and/or falling clock edge(s) of clk_core.
Related violations: <none>

TIMING-18#44 Warning
Missing input or output delay  
An input delay is missing on instmem_FORCEWINST[19] relative to the rising and/or falling clock edge(s) of clk_core.
Related violations: <none>

TIMING-18#45 Warning
Missing input or output delay  
An input delay is missing on instmem_FORCEWINST[1] relative to the rising and/or falling clock edge(s) of clk_core.
Related violations: <none>

TIMING-18#46 Warning
Missing input or output delay  
An input delay is missing on instmem_FORCEWINST[20] relative to the rising and/or falling clock edge(s) of clk_core.
Related violations: <none>

TIMING-18#47 Warning
Missing input or output delay  
An input delay is missing on instmem_FORCEWINST[21] relative to the rising and/or falling clock edge(s) of clk_core.
Related violations: <none>

TIMING-18#48 Warning
Missing input or output delay  
An input delay is missing on instmem_FORCEWINST[22] relative to the rising and/or falling clock edge(s) of clk_core.
Related violations: <none>

TIMING-18#49 Warning
Missing input or output delay  
An input delay is missing on instmem_FORCEWINST[23] relative to the rising and/or falling clock edge(s) of clk_core.
Related violations: <none>

TIMING-18#50 Warning
Missing input or output delay  
An input delay is missing on instmem_FORCEWINST[24] relative to the rising and/or falling clock edge(s) of clk_core.
Related violations: <none>

TIMING-18#51 Warning
Missing input or output delay  
An input delay is missing on instmem_FORCEWINST[25] relative to the rising and/or falling clock edge(s) of clk_core.
Related violations: <none>

TIMING-18#52 Warning
Missing input or output delay  
An input delay is missing on instmem_FORCEWINST[26] relative to the rising and/or falling clock edge(s) of clk_core.
Related violations: <none>

TIMING-18#53 Warning
Missing input or output delay  
An input delay is missing on instmem_FORCEWINST[27] relative to the rising and/or falling clock edge(s) of clk_core.
Related violations: <none>

TIMING-18#54 Warning
Missing input or output delay  
An input delay is missing on instmem_FORCEWINST[28] relative to the rising and/or falling clock edge(s) of clk_core.
Related violations: <none>

TIMING-18#55 Warning
Missing input or output delay  
An input delay is missing on instmem_FORCEWINST[29] relative to the rising and/or falling clock edge(s) of clk_core.
Related violations: <none>

TIMING-18#56 Warning
Missing input or output delay  
An input delay is missing on instmem_FORCEWINST[2] relative to the rising and/or falling clock edge(s) of clk_core.
Related violations: <none>

TIMING-18#57 Warning
Missing input or output delay  
An input delay is missing on instmem_FORCEWINST[30] relative to the rising and/or falling clock edge(s) of clk_core.
Related violations: <none>

TIMING-18#58 Warning
Missing input or output delay  
An input delay is missing on instmem_FORCEWINST[31] relative to the rising and/or falling clock edge(s) of clk_core.
Related violations: <none>

TIMING-18#59 Warning
Missing input or output delay  
An input delay is missing on instmem_FORCEWINST[3] relative to the rising and/or falling clock edge(s) of clk_core.
Related violations: <none>

TIMING-18#60 Warning
Missing input or output delay  
An input delay is missing on instmem_FORCEWINST[4] relative to the rising and/or falling clock edge(s) of clk_core.
Related violations: <none>

TIMING-18#61 Warning
Missing input or output delay  
An input delay is missing on instmem_FORCEWINST[5] relative to the rising and/or falling clock edge(s) of clk_core.
Related violations: <none>

TIMING-18#62 Warning
Missing input or output delay  
An input delay is missing on instmem_FORCEWINST[6] relative to the rising and/or falling clock edge(s) of clk_core.
Related violations: <none>

TIMING-18#63 Warning
Missing input or output delay  
An input delay is missing on instmem_FORCEWINST[7] relative to the rising and/or falling clock edge(s) of clk_core.
Related violations: <none>

TIMING-18#64 Warning
Missing input or output delay  
An input delay is missing on instmem_FORCEWINST[8] relative to the rising and/or falling clock edge(s) of clk_core.
Related violations: <none>

TIMING-18#65 Warning
Missing input or output delay  
An input delay is missing on instmem_FORCEWINST[9] relative to the rising and/or falling clock edge(s) of clk_core.
Related violations: <none>

TIMING-18#66 Warning
Missing input or output delay  
An input delay is missing on regfile_FORCEWADDR[0] relative to the rising and/or falling clock edge(s) of clk_core.
Related violations: <none>

TIMING-18#67 Warning
Missing input or output delay  
An input delay is missing on regfile_FORCEWADDR[1] relative to the rising and/or falling clock edge(s) of clk_core.
Related violations: <none>

TIMING-18#68 Warning
Missing input or output delay  
An input delay is missing on regfile_FORCEWADDR[2] relative to the rising and/or falling clock edge(s) of clk_core.
Related violations: <none>

TIMING-18#69 Warning
Missing input or output delay  
An input delay is missing on regfile_FORCEWADDR[3] relative to the rising and/or falling clock edge(s) of clk_core.
Related violations: <none>

TIMING-18#70 Warning
Missing input or output delay  
An input delay is missing on regfile_FORCEWADDR[4] relative to the rising and/or falling clock edge(s) of clk_core.
Related violations: <none>

TIMING-18#71 Warning
Missing input or output delay  
An input delay is missing on regfile_FORCEWDATA[0] relative to the rising and/or falling clock edge(s) of clk_core.
Related violations: <none>

TIMING-18#72 Warning
Missing input or output delay  
An input delay is missing on regfile_FORCEWDATA[10] relative to the rising and/or falling clock edge(s) of clk_core.
Related violations: <none>

TIMING-18#73 Warning
Missing input or output delay  
An input delay is missing on regfile_FORCEWDATA[11] relative to the rising and/or falling clock edge(s) of clk_core.
Related violations: <none>

TIMING-18#74 Warning
Missing input or output delay  
An input delay is missing on regfile_FORCEWDATA[12] relative to the rising and/or falling clock edge(s) of clk_core.
Related violations: <none>

TIMING-18#75 Warning
Missing input or output delay  
An input delay is missing on regfile_FORCEWDATA[13] relative to the rising and/or falling clock edge(s) of clk_core.
Related violations: <none>

TIMING-18#76 Warning
Missing input or output delay  
An input delay is missing on regfile_FORCEWDATA[14] relative to the rising and/or falling clock edge(s) of clk_core.
Related violations: <none>

TIMING-18#77 Warning
Missing input or output delay  
An input delay is missing on regfile_FORCEWDATA[15] relative to the rising and/or falling clock edge(s) of clk_core.
Related violations: <none>

TIMING-18#78 Warning
Missing input or output delay  
An input delay is missing on regfile_FORCEWDATA[16] relative to the rising and/or falling clock edge(s) of clk_core.
Related violations: <none>

TIMING-18#79 Warning
Missing input or output delay  
An input delay is missing on regfile_FORCEWDATA[17] relative to the rising and/or falling clock edge(s) of clk_core.
Related violations: <none>

TIMING-18#80 Warning
Missing input or output delay  
An input delay is missing on regfile_FORCEWDATA[18] relative to the rising and/or falling clock edge(s) of clk_core.
Related violations: <none>

TIMING-18#81 Warning
Missing input or output delay  
An input delay is missing on regfile_FORCEWDATA[19] relative to the rising and/or falling clock edge(s) of clk_core.
Related violations: <none>

TIMING-18#82 Warning
Missing input or output delay  
An input delay is missing on regfile_FORCEWDATA[1] relative to the rising and/or falling clock edge(s) of clk_core.
Related violations: <none>

TIMING-18#83 Warning
Missing input or output delay  
An input delay is missing on regfile_FORCEWDATA[20] relative to the rising and/or falling clock edge(s) of clk_core.
Related violations: <none>

TIMING-18#84 Warning
Missing input or output delay  
An input delay is missing on regfile_FORCEWDATA[21] relative to the rising and/or falling clock edge(s) of clk_core.
Related violations: <none>

TIMING-18#85 Warning
Missing input or output delay  
An input delay is missing on regfile_FORCEWDATA[22] relative to the rising and/or falling clock edge(s) of clk_core.
Related violations: <none>

TIMING-18#86 Warning
Missing input or output delay  
An input delay is missing on regfile_FORCEWDATA[23] relative to the rising and/or falling clock edge(s) of clk_core.
Related violations: <none>

TIMING-18#87 Warning
Missing input or output delay  
An input delay is missing on regfile_FORCEWDATA[24] relative to the rising and/or falling clock edge(s) of clk_core.
Related violations: <none>

TIMING-18#88 Warning
Missing input or output delay  
An input delay is missing on regfile_FORCEWDATA[25] relative to the rising and/or falling clock edge(s) of clk_core.
Related violations: <none>

TIMING-18#89 Warning
Missing input or output delay  
An input delay is missing on regfile_FORCEWDATA[26] relative to the rising and/or falling clock edge(s) of clk_core.
Related violations: <none>

TIMING-18#90 Warning
Missing input or output delay  
An input delay is missing on regfile_FORCEWDATA[27] relative to the rising and/or falling clock edge(s) of clk_core.
Related violations: <none>

TIMING-18#91 Warning
Missing input or output delay  
An input delay is missing on regfile_FORCEWDATA[28] relative to the rising and/or falling clock edge(s) of clk_core.
Related violations: <none>

TIMING-18#92 Warning
Missing input or output delay  
An input delay is missing on regfile_FORCEWDATA[29] relative to the rising and/or falling clock edge(s) of clk_core.
Related violations: <none>

TIMING-18#93 Warning
Missing input or output delay  
An input delay is missing on regfile_FORCEWDATA[2] relative to the rising and/or falling clock edge(s) of clk_core.
Related violations: <none>

TIMING-18#94 Warning
Missing input or output delay  
An input delay is missing on regfile_FORCEWDATA[30] relative to the rising and/or falling clock edge(s) of clk_core.
Related violations: <none>

TIMING-18#95 Warning
Missing input or output delay  
An input delay is missing on regfile_FORCEWDATA[31] relative to the rising and/or falling clock edge(s) of clk_core.
Related violations: <none>

TIMING-18#96 Warning
Missing input or output delay  
An input delay is missing on regfile_FORCEWDATA[3] relative to the rising and/or falling clock edge(s) of clk_core.
Related violations: <none>

TIMING-18#97 Warning
Missing input or output delay  
An input delay is missing on regfile_FORCEWDATA[4] relative to the rising and/or falling clock edge(s) of clk_core.
Related violations: <none>

TIMING-18#98 Warning
Missing input or output delay  
An input delay is missing on regfile_FORCEWDATA[5] relative to the rising and/or falling clock edge(s) of clk_core.
Related violations: <none>

TIMING-18#99 Warning
Missing input or output delay  
An input delay is missing on regfile_FORCEWDATA[6] relative to the rising and/or falling clock edge(s) of clk_core.
Related violations: <none>

TIMING-18#100 Warning
Missing input or output delay  
An input delay is missing on regfile_FORCEWDATA[7] relative to the rising and/or falling clock edge(s) of clk_core.
Related violations: <none>

TIMING-18#101 Warning
Missing input or output delay  
An input delay is missing on regfile_FORCEWDATA[8] relative to the rising and/or falling clock edge(s) of clk_core.
Related violations: <none>

TIMING-18#102 Warning
Missing input or output delay  
An input delay is missing on regfile_FORCEWDATA[9] relative to the rising and/or falling clock edge(s) of clk_core.
Related violations: <none>

TIMING-18#103 Warning
Missing input or output delay  
An input delay is missing on regfile_FORCEWE relative to the rising and/or falling clock edge(s) of clk_core.
Related violations: <none>

TIMING-18#104 Warning
Missing input or output delay  
An input delay is missing on stage_FORCERESET_n relative to the rising and/or falling clock edge(s) of clk_core.
Related violations: <none>

TIMING-18#105 Warning
Missing input or output delay  
An output delay is missing on Branch relative to the rising and/or falling clock edge(s) of clk_core.
Related violations: <none>

TIMING-18#106 Warning
Missing input or output delay  
An output delay is missing on ForwardAE_out[0] relative to the rising and/or falling clock edge(s) of clk_core.
Related violations: <none>

TIMING-18#107 Warning
Missing input or output delay  
An output delay is missing on ForwardAE_out[1] relative to the rising and/or falling clock edge(s) of clk_core.
Related violations: <none>

TIMING-18#108 Warning
Missing input or output delay  
An output delay is missing on ForwardBE_out[0] relative to the rising and/or falling clock edge(s) of clk_core.
Related violations: <none>

TIMING-18#109 Warning
Missing input or output delay  
An output delay is missing on ForwardBE_out[1] relative to the rising and/or falling clock edge(s) of clk_core.
Related violations: <none>

TIMING-18#110 Warning
Missing input or output delay  
An output delay is missing on Jump relative to the rising and/or falling clock edge(s) of clk_core.
Related violations: <none>

TIMING-18#111 Warning
Missing input or output delay  
An output delay is missing on ResultW[0] relative to the rising and/or falling clock edge(s) of clk_core.
Related violations: <none>

TIMING-18#112 Warning
Missing input or output delay  
An output delay is missing on ResultW[10] relative to the rising and/or falling clock edge(s) of clk_core.
Related violations: <none>

TIMING-18#113 Warning
Missing input or output delay  
An output delay is missing on ResultW[11] relative to the rising and/or falling clock edge(s) of clk_core.
Related violations: <none>

TIMING-18#114 Warning
Missing input or output delay  
An output delay is missing on ResultW[12] relative to the rising and/or falling clock edge(s) of clk_core.
Related violations: <none>

TIMING-18#115 Warning
Missing input or output delay  
An output delay is missing on ResultW[13] relative to the rising and/or falling clock edge(s) of clk_core.
Related violations: <none>

TIMING-18#116 Warning
Missing input or output delay  
An output delay is missing on ResultW[14] relative to the rising and/or falling clock edge(s) of clk_core.
Related violations: <none>

TIMING-18#117 Warning
Missing input or output delay  
An output delay is missing on ResultW[15] relative to the rising and/or falling clock edge(s) of clk_core.
Related violations: <none>

TIMING-18#118 Warning
Missing input or output delay  
An output delay is missing on ResultW[16] relative to the rising and/or falling clock edge(s) of clk_core.
Related violations: <none>

TIMING-18#119 Warning
Missing input or output delay  
An output delay is missing on ResultW[17] relative to the rising and/or falling clock edge(s) of clk_core.
Related violations: <none>

TIMING-18#120 Warning
Missing input or output delay  
An output delay is missing on ResultW[18] relative to the rising and/or falling clock edge(s) of clk_core.
Related violations: <none>

TIMING-18#121 Warning
Missing input or output delay  
An output delay is missing on ResultW[19] relative to the rising and/or falling clock edge(s) of clk_core.
Related violations: <none>

TIMING-18#122 Warning
Missing input or output delay  
An output delay is missing on ResultW[1] relative to the rising and/or falling clock edge(s) of clk_core.
Related violations: <none>

TIMING-18#123 Warning
Missing input or output delay  
An output delay is missing on ResultW[20] relative to the rising and/or falling clock edge(s) of clk_core.
Related violations: <none>

TIMING-18#124 Warning
Missing input or output delay  
An output delay is missing on ResultW[21] relative to the rising and/or falling clock edge(s) of clk_core.
Related violations: <none>

TIMING-18#125 Warning
Missing input or output delay  
An output delay is missing on ResultW[22] relative to the rising and/or falling clock edge(s) of clk_core.
Related violations: <none>

TIMING-18#126 Warning
Missing input or output delay  
An output delay is missing on ResultW[23] relative to the rising and/or falling clock edge(s) of clk_core.
Related violations: <none>

TIMING-18#127 Warning
Missing input or output delay  
An output delay is missing on ResultW[24] relative to the rising and/or falling clock edge(s) of clk_core.
Related violations: <none>

TIMING-18#128 Warning
Missing input or output delay  
An output delay is missing on ResultW[25] relative to the rising and/or falling clock edge(s) of clk_core.
Related violations: <none>

TIMING-18#129 Warning
Missing input or output delay  
An output delay is missing on ResultW[26] relative to the rising and/or falling clock edge(s) of clk_core.
Related violations: <none>

TIMING-18#130 Warning
Missing input or output delay  
An output delay is missing on ResultW[27] relative to the rising and/or falling clock edge(s) of clk_core.
Related violations: <none>

TIMING-18#131 Warning
Missing input or output delay  
An output delay is missing on ResultW[28] relative to the rising and/or falling clock edge(s) of clk_core.
Related violations: <none>

TIMING-18#132 Warning
Missing input or output delay  
An output delay is missing on ResultW[29] relative to the rising and/or falling clock edge(s) of clk_core.
Related violations: <none>

TIMING-18#133 Warning
Missing input or output delay  
An output delay is missing on ResultW[2] relative to the rising and/or falling clock edge(s) of clk_core.
Related violations: <none>

TIMING-18#134 Warning
Missing input or output delay  
An output delay is missing on ResultW[30] relative to the rising and/or falling clock edge(s) of clk_core.
Related violations: <none>

TIMING-18#135 Warning
Missing input or output delay  
An output delay is missing on ResultW[31] relative to the rising and/or falling clock edge(s) of clk_core.
Related violations: <none>

TIMING-18#136 Warning
Missing input or output delay  
An output delay is missing on ResultW[3] relative to the rising and/or falling clock edge(s) of clk_core.
Related violations: <none>

TIMING-18#137 Warning
Missing input or output delay  
An output delay is missing on ResultW[4] relative to the rising and/or falling clock edge(s) of clk_core.
Related violations: <none>

TIMING-18#138 Warning
Missing input or output delay  
An output delay is missing on ResultW[5] relative to the rising and/or falling clock edge(s) of clk_core.
Related violations: <none>

TIMING-18#139 Warning
Missing input or output delay  
An output delay is missing on ResultW[6] relative to the rising and/or falling clock edge(s) of clk_core.
Related violations: <none>

TIMING-18#140 Warning
Missing input or output delay  
An output delay is missing on ResultW[7] relative to the rising and/or falling clock edge(s) of clk_core.
Related violations: <none>

TIMING-18#141 Warning
Missing input or output delay  
An output delay is missing on ResultW[8] relative to the rising and/or falling clock edge(s) of clk_core.
Related violations: <none>

TIMING-18#142 Warning
Missing input or output delay  
An output delay is missing on ResultW[9] relative to the rising and/or falling clock edge(s) of clk_core.
Related violations: <none>

TIMING-18#143 Warning
Missing input or output delay  
An output delay is missing on is_hazard relative to the rising and/or falling clock edge(s) of clk_core.
Related violations: <none>

TIMING-18#144 Warning
Missing input or output delay  
An output delay is missing on is_imm relative to the rising and/or falling clock edge(s) of clk_core.
Related violations: <none>

TIMING-18#145 Warning
Missing input or output delay  
An output delay is missing on is_using_pc relative to the rising and/or falling clock edge(s) of clk_core.
Related violations: <none>

TIMING-18#146 Warning
Missing input or output delay  
An output delay is missing on which_data[0] relative to the rising and/or falling clock edge(s) of clk_core.
Related violations: <none>

TIMING-18#147 Warning
Missing input or output delay  
An output delay is missing on which_data[1] relative to the rising and/or falling clock edge(s) of clk_core.
Related violations: <none>


