Copyright 1986-2022 Xilinx, Inc. All Rights Reserved. Copyright 2022-2025 Advanced Micro Devices, Inc. All Rights Reserved.
---------------------------------------------------------------------------------------------------------------------------------------------------------------------------------------------------------------------------------------------------------------------------
| Tool Version : Vivado v.2025.1 (lin64) Build 6140274 Wed May 21 22:58:25 MDT 2025
| Date         : Wed Mar 18 08:31:56 2026
| Host         : minamidev running 64-bit Ubuntu 24.04.4 LTS
| Command      : report_timing_summary -max_paths 10 -routable_nets -report_unconstrained -file hamming_logic_encoder_timing_summary_routed.rpt -pb hamming_logic_encoder_timing_summary_routed.pb -rpx hamming_logic_encoder_timing_summary_routed.rpx -warn_on_violation
| Design       : hamming_logic_encoder
| Device       : 7z010i-clg225
| Speed File   : -1L  PRODUCTION 1.12 2019-11-22
| Design State : Routed
---------------------------------------------------------------------------------------------------------------------------------------------------------------------------------------------------------------------------------------------------------------------------

Timing Summary Report

------------------------------------------------------------------------------------------------
| Timer Settings
| --------------
------------------------------------------------------------------------------------------------

  Enable Multi Corner Analysis               :  Yes
  Enable Pessimism Removal                   :  Yes
  Pessimism Removal Resolution               :  Nearest Common Node
  Enable Input Delay Default Clock           :  No
  Enable Preset / Clear Arcs                 :  No
  Disable Flight Delays                      :  No
  Ignore I/O Paths                           :  No
  Timing Early Launch at Borrowing Latches   :  No
  Borrow Time for Max Delay Exceptions       :  Yes
  Merge Timing Exceptions                    :  Yes
  Inter-SLR Compensation                     :  Conservative

  Corner  Analyze    Analyze    
  Name    Max Paths  Min Paths  
  ------  ---------  ---------  
  Slow    Yes        Yes        
  Fast    Yes        Yes        


------------------------------------------------------------------------------------------------
| Report Methodology
| ------------------
------------------------------------------------------------------------------------------------

Rule       Severity          Description                  Violations  
---------  ----------------  ---------------------------  ----------  
TIMING-17  Critical Warning  Non-clocked sequential cell  44          

Note: This report is based on the most recent report_methodology run and may not be up-to-date. Run report_methodology on the current design for the latest report.



check_timing report

Table of Contents
-----------------
1. checking no_clock (44)
2. checking constant_clock (0)
3. checking pulse_width_clock (0)
4. checking unconstrained_internal_endpoints (131)
5. checking no_input_delay (18)
6. checking no_output_delay (22)
7. checking multiple_clock (0)
8. checking generated_clocks (0)
9. checking loops (0)
10. checking partial_input_delay (0)
11. checking partial_output_delay (0)
12. checking latch_loops (0)

1. checking no_clock (44)
-------------------------
 There are 44 register/latch pins with no clock driven by root clock pin: clk (HIGH)


2. checking constant_clock (0)
------------------------------
 There are 0 register/latch pins with constant_clock.


3. checking pulse_width_clock (0)
---------------------------------
 There are 0 register/latch pins which need pulse_width check


4. checking unconstrained_internal_endpoints (131)
--------------------------------------------------
 There are 131 pins that are not constrained for maximum delay. (HIGH)

 There are 0 pins that are not constrained for maximum delay due to constant clock.


5. checking no_input_delay (18)
-------------------------------
 There are 18 input ports with no input delay specified. (HIGH)

 There are 0 input ports with no input delay but user has a false path constraint.


6. checking no_output_delay (22)
--------------------------------
 There are 22 ports with no output delay specified. (HIGH)

 There are 0 ports with no output delay but user has a false path constraint

 There are 0 ports with no output delay but with a timing clock defined on it or propagating through it


7. checking multiple_clock (0)
------------------------------
 There are 0 register/latch pins with multiple clocks.


8. checking generated_clocks (0)
--------------------------------
 There are 0 generated clocks that are not connected to a clock source.


9. checking loops (0)
---------------------
 There are 0 combinational loops in the design.


10. checking partial_input_delay (0)
------------------------------------
 There are 0 input ports with partial input delay specified.


11. checking partial_output_delay (0)
-------------------------------------
 There are 0 ports with partial output delay specified.


12. checking latch_loops (0)
----------------------------
 There are 0 combinational latch loops in the design through latch input



------------------------------------------------------------------------------------------------
| Design Timing Summary
| ---------------------
------------------------------------------------------------------------------------------------

    WNS(ns)      TNS(ns)  TNS Failing Endpoints  TNS Total Endpoints      WHS(ns)      THS(ns)  THS Failing Endpoints  THS Total Endpoints     WPWS(ns)     TPWS(ns)  TPWS Failing Endpoints  TPWS Total Endpoints  
    -------      -------  ---------------------  -------------------      -------      -------  ---------------------  -------------------     --------     --------  ----------------------  --------------------  
        inf        0.000                      0                  153          inf        0.000                      0                  153           NA           NA                      NA                    NA  


There are no user specified timing constraints.


------------------------------------------------------------------------------------------------
| Clock Summary
| -------------
------------------------------------------------------------------------------------------------


------------------------------------------------------------------------------------------------
| Intra Clock Table
| -----------------
------------------------------------------------------------------------------------------------

Clock             WNS(ns)      TNS(ns)  TNS Failing Endpoints  TNS Total Endpoints      WHS(ns)      THS(ns)  THS Failing Endpoints  THS Total Endpoints     WPWS(ns)     TPWS(ns)  TPWS Failing Endpoints  TPWS Total Endpoints  
-----             -------      -------  ---------------------  -------------------      -------      -------  ---------------------  -------------------     --------     --------  ----------------------  --------------------  


------------------------------------------------------------------------------------------------
| Inter Clock Table
| -----------------
------------------------------------------------------------------------------------------------

From Clock    To Clock          WNS(ns)      TNS(ns)  TNS Failing Endpoints  TNS Total Endpoints      WHS(ns)      THS(ns)  THS Failing Endpoints  THS Total Endpoints  
----------    --------          -------      -------  ---------------------  -------------------      -------      -------  ---------------------  -------------------  


------------------------------------------------------------------------------------------------
| Other Path Groups Table
| -----------------------
------------------------------------------------------------------------------------------------

Path Group    From Clock    To Clock          WNS(ns)      TNS(ns)  TNS Failing Endpoints  TNS Total Endpoints      WHS(ns)      THS(ns)  THS Failing Endpoints  THS Total Endpoints  
----------    ----------    --------          -------      -------  ---------------------  -------------------      -------      -------  ---------------------  -------------------  


------------------------------------------------------------------------------------------------
| User Ignored Path Table
| -----------------------
------------------------------------------------------------------------------------------------

Path Group    From Clock    To Clock    
----------    ----------    --------    


------------------------------------------------------------------------------------------------
| Unconstrained Path Table
| ------------------------
------------------------------------------------------------------------------------------------

Path Group    From Clock    To Clock    
----------    ----------    --------    
(none)                                    


------------------------------------------------------------------------------------------------
| Timing Details
| --------------
------------------------------------------------------------------------------------------------


--------------------------------------------------------------------------------------
Path Group:  (none)
From Clock:  
  To Clock:  

Max Delay           153 Endpoints
Min Delay           153 Endpoints
--------------------------------------------------------------------------------------


Max Delay Paths
--------------------------------------------------------------------------------------
Slack:                    inf
  Source:                 o_available_reg_reg/C
                            (rising edge-triggered cell FDCE)
  Destination:            o_available
                            (output port)
  Path Group:             (none)
  Path Type:              Max at Slow Process Corner
  Data Path Delay:        5.748ns  (logic 3.053ns (53.125%)  route 2.694ns (46.875%))
  Logic Levels:           2  (FDCE=1 OBUF=1)

    Location             Delay type                Incr(ns)  Path(ns)    Netlist Resource(s)
  -------------------------------------------------------------------    -------------------
    SLICE_X41Y21         FDCE                         0.000     0.000 r  o_available_reg_reg/C
    SLICE_X41Y21         FDCE (Prop_fdce_C_Q)         0.456     0.456 r  o_available_reg_reg/Q
                         net (fo=26, routed)          2.694     3.150    o_available_OBUF
    H14                  OBUF (Prop_obuf_I_O)         2.597     5.748 r  o_available_OBUF_inst/O
                         net (fo=0)                   0.000     5.748    o_available
    H14                                                               r  o_available (OUT)
  -------------------------------------------------------------------    -------------------

Slack:                    inf
  Source:                 b_reg_reg[20]/C
                            (rising edge-triggered cell FDCE)
  Destination:            B[20]
                            (output port)
  Path Group:             (none)
  Path Type:              Max at Slow Process Corner
  Data Path Delay:        5.510ns  (logic 3.203ns (58.136%)  route 2.307ns (41.864%))
  Logic Levels:           2  (FDCE=1 OBUF=1)

    Location             Delay type                Incr(ns)  Path(ns)    Netlist Resource(s)
  -------------------------------------------------------------------    -------------------
    SLICE_X43Y23         FDCE                         0.000     0.000 r  b_reg_reg[20]/C
    SLICE_X43Y23         FDCE (Prop_fdce_C_Q)         0.419     0.419 r  b_reg_reg[20]/Q
                         net (fo=1, routed)           2.307     2.726    B_OBUF[20]
    J15                  OBUF (Prop_obuf_I_O)         2.784     5.510 r  B_OBUF[20]_inst/O
                         net (fo=0)                   0.000     5.510    B[20]
    J15                                                               r  B[20] (OUT)
  -------------------------------------------------------------------    -------------------

Slack:                    inf
  Source:                 b_reg_reg[16]/C
                            (rising edge-triggered cell FDCE)
  Destination:            B[16]
                            (output port)
  Path Group:             (none)
  Path Type:              Max at Slow Process Corner
  Data Path Delay:        5.488ns  (logic 3.194ns (58.197%)  route 2.294ns (41.803%))
  Logic Levels:           2  (FDCE=1 OBUF=1)

    Location             Delay type                Incr(ns)  Path(ns)    Netlist Resource(s)
  -------------------------------------------------------------------    -------------------
    SLICE_X43Y22         FDCE                         0.000     0.000 r  b_reg_reg[16]/C
    SLICE_X43Y22         FDCE (Prop_fdce_C_Q)         0.419     0.419 r  b_reg_reg[16]/Q
                         net (fo=1, routed)           2.294     2.713    B_OBUF[16]
    H11                  OBUF (Prop_obuf_I_O)         2.775     5.488 r  B_OBUF[16]_inst/O
                         net (fo=0)                   0.000     5.488    B[16]
    H11                                                               r  B[16] (OUT)
  -------------------------------------------------------------------    -------------------

Slack:                    inf
  Source:                 b_reg_reg[18]/C
                            (rising edge-triggered cell FDCE)
  Destination:            B[18]
                            (output port)
  Path Group:             (none)
  Path Type:              Max at Slow Process Corner
  Data Path Delay:        5.475ns  (logic 3.178ns (58.044%)  route 2.297ns (41.956%))
  Logic Levels:           2  (FDCE=1 OBUF=1)

    Location             Delay type                Incr(ns)  Path(ns)    Netlist Resource(s)
  -------------------------------------------------------------------    -------------------
    SLICE_X43Y23         FDCE                         0.000     0.000 r  b_reg_reg[18]/C
    SLICE_X43Y23         FDCE (Prop_fdce_C_Q)         0.419     0.419 r  b_reg_reg[18]/Q
                         net (fo=1, routed)           2.297     2.716    B_OBUF[18]
    J13                  OBUF (Prop_obuf_I_O)         2.759     5.475 r  B_OBUF[18]_inst/O
                         net (fo=0)                   0.000     5.475    B[18]
    J13                                                               r  B[18] (OUT)
  -------------------------------------------------------------------    -------------------

Slack:                    inf
  Source:                 b_reg_reg[19]/C
                            (rising edge-triggered cell FDCE)
  Destination:            B[19]
                            (output port)
  Path Group:             (none)
  Path Type:              Max at Slow Process Corner
  Data Path Delay:        5.360ns  (logic 3.069ns (57.248%)  route 2.292ns (42.752%))
  Logic Levels:           2  (FDCE=1 OBUF=1)

    Location             Delay type                Incr(ns)  Path(ns)    Netlist Resource(s)
  -------------------------------------------------------------------    -------------------
    SLICE_X43Y23         FDCE                         0.000     0.000 r  b_reg_reg[19]/C
    SLICE_X43Y23         FDCE (Prop_fdce_C_Q)         0.456     0.456 r  b_reg_reg[19]/Q
                         net (fo=1, routed)           2.292     2.748    B_OBUF[19]
    K15                  OBUF (Prop_obuf_I_O)         2.613     5.360 r  B_OBUF[19]_inst/O
                         net (fo=0)                   0.000     5.360    B[19]
    K15                                                               r  B[19] (OUT)
  -------------------------------------------------------------------    -------------------

Slack:                    inf
  Source:                 b_reg_reg[15]/C
                            (rising edge-triggered cell FDCE)
  Destination:            B[15]
                            (output port)
  Path Group:             (none)
  Path Type:              Max at Slow Process Corner
  Data Path Delay:        5.344ns  (logic 3.043ns (56.954%)  route 2.300ns (43.046%))
  Logic Levels:           2  (FDCE=1 OBUF=1)

    Location             Delay type                Incr(ns)  Path(ns)    Netlist Resource(s)
  -------------------------------------------------------------------    -------------------
    SLICE_X43Y22         FDCE                         0.000     0.000 r  b_reg_reg[15]/C
    SLICE_X43Y22         FDCE (Prop_fdce_C_Q)         0.456     0.456 r  b_reg_reg[15]/Q
                         net (fo=1, routed)           2.300     2.756    B_OBUF[15]
    J11                  OBUF (Prop_obuf_I_O)         2.587     5.344 r  B_OBUF[15]_inst/O
                         net (fo=0)                   0.000     5.344    B[15]
    J11                                                               r  B[15] (OUT)
  -------------------------------------------------------------------    -------------------

Slack:                    inf
  Source:                 b_reg_reg[14]/C
                            (rising edge-triggered cell FDCE)
  Destination:            B[14]
                            (output port)
  Path Group:             (none)
  Path Type:              Max at Slow Process Corner
  Data Path Delay:        5.330ns  (logic 3.235ns (60.695%)  route 2.095ns (39.305%))
  Logic Levels:           2  (FDCE=1 OBUF=1)

    Location             Delay type                Incr(ns)  Path(ns)    Netlist Resource(s)
  -------------------------------------------------------------------    -------------------
    SLICE_X43Y23         FDCE                         0.000     0.000 r  b_reg_reg[14]/C
    SLICE_X43Y23         FDCE (Prop_fdce_C_Q)         0.419     0.419 r  b_reg_reg[14]/Q
                         net (fo=1, routed)           2.095     2.514    B_OBUF[14]
    N13                  OBUF (Prop_obuf_I_O)         2.816     5.330 r  B_OBUF[14]_inst/O
                         net (fo=0)                   0.000     5.330    B[14]
    N13                                                               r  B[14] (OUT)
  -------------------------------------------------------------------    -------------------

Slack:                    inf
  Source:                 b_reg_reg[8]/C
                            (rising edge-triggered cell FDCE)
  Destination:            B[8]
                            (output port)
  Path Group:             (none)
  Path Type:              Max at Slow Process Corner
  Data Path Delay:        5.316ns  (logic 3.269ns (61.482%)  route 2.048ns (38.518%))
  Logic Levels:           2  (FDCE=1 OBUF=1)

    Location             Delay type                Incr(ns)  Path(ns)    Netlist Resource(s)
  -------------------------------------------------------------------    -------------------
    SLICE_X42Y23         FDCE                         0.000     0.000 r  b_reg_reg[8]/C
    SLICE_X42Y23         FDCE (Prop_fdce_C_Q)         0.478     0.478 r  b_reg_reg[8]/Q
                         net (fo=1, routed)           2.048     2.526    B_OBUF[8]
    K13                  OBUF (Prop_obuf_I_O)         2.791     5.316 r  B_OBUF[8]_inst/O
                         net (fo=0)                   0.000     5.316    B[8]
    K13                                                               r  B[8] (OUT)
  -------------------------------------------------------------------    -------------------

Slack:                    inf
  Source:                 b_reg_reg[12]/C
                            (rising edge-triggered cell FDCE)
  Destination:            B[12]
                            (output port)
  Path Group:             (none)
  Path Type:              Max at Slow Process Corner
  Data Path Delay:        5.304ns  (logic 3.210ns (60.522%)  route 2.094ns (39.478%))
  Logic Levels:           2  (FDCE=1 OBUF=1)

    Location             Delay type                Incr(ns)  Path(ns)    Netlist Resource(s)
  -------------------------------------------------------------------    -------------------
    SLICE_X43Y22         FDCE                         0.000     0.000 r  b_reg_reg[12]/C
    SLICE_X43Y22         FDCE (Prop_fdce_C_Q)         0.419     0.419 r  b_reg_reg[12]/Q
                         net (fo=1, routed)           2.094     2.513    B_OBUF[12]
    L15                  OBUF (Prop_obuf_I_O)         2.791     5.304 r  B_OBUF[12]_inst/O
                         net (fo=0)                   0.000     5.304    B[12]
    L15                                                               r  B[12] (OUT)
  -------------------------------------------------------------------    -------------------

Slack:                    inf
  Source:                 b_reg_reg[17]/C
                            (rising edge-triggered cell FDCE)
  Destination:            B[17]
                            (output port)
  Path Group:             (none)
  Path Type:              Max at Slow Process Corner
  Data Path Delay:        5.284ns  (logic 3.053ns (57.775%)  route 2.231ns (42.225%))
  Logic Levels:           2  (FDCE=1 OBUF=1)

    Location             Delay type                Incr(ns)  Path(ns)    Netlist Resource(s)
  -------------------------------------------------------------------    -------------------
    SLICE_X43Y23         FDCE                         0.000     0.000 r  b_reg_reg[17]/C
    SLICE_X43Y23         FDCE (Prop_fdce_C_Q)         0.456     0.456 r  b_reg_reg[17]/Q
                         net (fo=1, routed)           2.231     2.687    B_OBUF[17]
    J14                  OBUF (Prop_obuf_I_O)         2.597     5.284 r  B_OBUF[17]_inst/O
                         net (fo=0)                   0.000     5.284    B[17]
    J14                                                               r  B[17] (OUT)
  -------------------------------------------------------------------    -------------------





Min Delay Paths
--------------------------------------------------------------------------------------
Slack:                    inf
  Source:                 mem_reg[2]/C
                            (rising edge-triggered cell FDCE)
  Destination:            mem_reg[0]/D
  Path Group:             (none)
  Path Type:              Min at Fast Process Corner
  Data Path Delay:        0.316ns  (logic 0.186ns (58.802%)  route 0.130ns (41.198%))
  Logic Levels:           2  (FDCE=1 LUT6=1)

    Location             Delay type                Incr(ns)  Path(ns)    Netlist Resource(s)
  -------------------------------------------------------------------    -------------------
    SLICE_X43Y20         FDCE                         0.000     0.000 r  mem_reg[2]/C
    SLICE_X43Y20         FDCE (Prop_fdce_C_Q)         0.141     0.141 r  mem_reg[2]/Q
                         net (fo=3, routed)           0.130     0.271    p_0_in0
    SLICE_X42Y21         LUT6 (Prop_lut6_I1_O)        0.045     0.316 r  mem[0]_i_1/O
                         net (fo=1, routed)           0.000     0.316    p_1_in[0]
    SLICE_X42Y21         FDCE                                         r  mem_reg[0]/D
  -------------------------------------------------------------------    -------------------

Slack:                    inf
  Source:                 mem_reg[0]/C
                            (rising edge-triggered cell FDCE)
  Destination:            b_reg_reg[0]/D
  Path Group:             (none)
  Path Type:              Min at Fast Process Corner
  Data Path Delay:        0.317ns  (logic 0.209ns (65.895%)  route 0.108ns (34.105%))
  Logic Levels:           2  (FDCE=1 LUT3=1)

    Location             Delay type                Incr(ns)  Path(ns)    Netlist Resource(s)
  -------------------------------------------------------------------    -------------------
    SLICE_X42Y21         FDCE                         0.000     0.000 r  mem_reg[0]/C
    SLICE_X42Y21         FDCE (Prop_fdce_C_Q)         0.164     0.164 r  mem_reg[0]/Q
                         net (fo=1, routed)           0.108     0.272    mem_reg_n_0_[0]
    SLICE_X42Y20         LUT3 (Prop_lut3_I0_O)        0.045     0.317 r  b_reg[0]_i_1/O
                         net (fo=1, routed)           0.000     0.317    b_reg[0]_i_1_n_0
    SLICE_X42Y20         FDCE                                         r  b_reg_reg[0]/D
  -------------------------------------------------------------------    -------------------

Slack:                    inf
  Source:                 mem_reg[13]/C
                            (rising edge-triggered cell FDCE)
  Destination:            mem_reg[3]/D
  Path Group:             (none)
  Path Type:              Min at Fast Process Corner
  Data Path Delay:        0.339ns  (logic 0.209ns (61.706%)  route 0.130ns (38.294%))
  Logic Levels:           2  (FDCE=1 LUT5=1)

    Location             Delay type                Incr(ns)  Path(ns)    Netlist Resource(s)
  -------------------------------------------------------------------    -------------------
    SLICE_X42Y19         FDCE                         0.000     0.000 r  mem_reg[13]/C
    SLICE_X42Y19         FDCE (Prop_fdce_C_Q)         0.164     0.164 r  mem_reg[13]/Q
                         net (fo=4, routed)           0.130     0.294    p_0_in[5]
    SLICE_X43Y21         LUT5 (Prop_lut5_I3_O)        0.045     0.339 r  mem[3]_i_1/O
                         net (fo=1, routed)           0.000     0.339    p_1_in[3]
    SLICE_X43Y21         FDCE                                         r  mem_reg[3]/D
  -------------------------------------------------------------------    -------------------

Slack:                    inf
  Source:                 mem_reg[2]/C
                            (rising edge-triggered cell FDCE)
  Destination:            b_reg_reg[2]/D
  Path Group:             (none)
  Path Type:              Min at Fast Process Corner
  Data Path Delay:        0.339ns  (logic 0.187ns (55.123%)  route 0.152ns (44.877%))
  Logic Levels:           2  (FDCE=1 LUT3=1)

    Location             Delay type                Incr(ns)  Path(ns)    Netlist Resource(s)
  -------------------------------------------------------------------    -------------------
    SLICE_X43Y20         FDCE                         0.000     0.000 r  mem_reg[2]/C
    SLICE_X43Y20         FDCE (Prop_fdce_C_Q)         0.141     0.141 r  mem_reg[2]/Q
                         net (fo=3, routed)           0.152     0.293    p_0_in0
    SLICE_X42Y20         LUT3 (Prop_lut3_I0_O)        0.046     0.339 r  b_reg[2]_i_1/O
                         net (fo=1, routed)           0.000     0.339    b_reg[2]_i_1_n_0
    SLICE_X42Y20         FDCE                                         r  b_reg_reg[2]/D
  -------------------------------------------------------------------    -------------------

Slack:                    inf
  Source:                 o_available_reg_reg/C
                            (rising edge-triggered cell FDCE)
  Destination:            o_available_reg_reg/D
  Path Group:             (none)
  Path Type:              Min at Fast Process Corner
  Data Path Delay:        0.366ns  (logic 0.186ns (50.759%)  route 0.180ns (49.241%))
  Logic Levels:           2  (FDCE=1 LUT3=1)

    Location             Delay type                Incr(ns)  Path(ns)    Netlist Resource(s)
  -------------------------------------------------------------------    -------------------
    SLICE_X41Y21         FDCE                         0.000     0.000 r  o_available_reg_reg/C
    SLICE_X41Y21         FDCE (Prop_fdce_C_Q)         0.141     0.141 f  o_available_reg_reg/Q
                         net (fo=26, routed)          0.180     0.321    o_available_OBUF
    SLICE_X41Y21         LUT3 (Prop_lut3_I0_O)        0.045     0.366 r  o_available_reg_i_1/O
                         net (fo=1, routed)           0.000     0.366    o_available_reg_i_1_n_0
    SLICE_X41Y21         FDCE                                         r  o_available_reg_reg/D
  -------------------------------------------------------------------    -------------------

Slack:                    inf
  Source:                 o_available_reg_reg/C
                            (rising edge-triggered cell FDCE)
  Destination:            b_reg_reg[10]/D
  Path Group:             (none)
  Path Type:              Min at Fast Process Corner
  Data Path Delay:        0.372ns  (logic 0.186ns (49.943%)  route 0.186ns (50.057%))
  Logic Levels:           2  (FDCE=1 LUT3=1)

    Location             Delay type                Incr(ns)  Path(ns)    Netlist Resource(s)
  -------------------------------------------------------------------    -------------------
    SLICE_X41Y21         FDCE                         0.000     0.000 r  o_available_reg_reg/C
    SLICE_X41Y21         FDCE (Prop_fdce_C_Q)         0.141     0.141 r  o_available_reg_reg/Q
                         net (fo=26, routed)          0.186     0.327    o_available_OBUF
    SLICE_X43Y22         LUT3 (Prop_lut3_I1_O)        0.045     0.372 r  b_reg[10]_i_1/O
                         net (fo=1, routed)           0.000     0.372    b_reg[10]_i_1_n_0
    SLICE_X43Y22         FDCE                                         r  b_reg_reg[10]/D
  -------------------------------------------------------------------    -------------------

Slack:                    inf
  Source:                 o_available_reg_reg/C
                            (rising edge-triggered cell FDCE)
  Destination:            b_reg_reg[9]/D
  Path Group:             (none)
  Path Type:              Min at Fast Process Corner
  Data Path Delay:        0.375ns  (logic 0.189ns (50.343%)  route 0.186ns (49.657%))
  Logic Levels:           2  (FDCE=1 LUT3=1)

    Location             Delay type                Incr(ns)  Path(ns)    Netlist Resource(s)
  -------------------------------------------------------------------    -------------------
    SLICE_X41Y21         FDCE                         0.000     0.000 r  o_available_reg_reg/C
    SLICE_X41Y21         FDCE (Prop_fdce_C_Q)         0.141     0.141 r  o_available_reg_reg/Q
                         net (fo=26, routed)          0.186     0.327    o_available_OBUF
    SLICE_X43Y22         LUT3 (Prop_lut3_I1_O)        0.048     0.375 r  b_reg[9]_i_1/O
                         net (fo=1, routed)           0.000     0.375    b_reg[9]_i_1_n_0
    SLICE_X43Y22         FDCE                                         r  b_reg_reg[9]/D
  -------------------------------------------------------------------    -------------------

Slack:                    inf
  Source:                 mem_reg[9]/C
                            (rising edge-triggered cell FDCE)
  Destination:            mem_reg[7]/D
  Path Group:             (none)
  Path Type:              Min at Fast Process Corner
  Data Path Delay:        0.391ns  (logic 0.226ns (57.730%)  route 0.165ns (42.270%))
  Logic Levels:           2  (FDCE=1 LUT6=1)

    Location             Delay type                Incr(ns)  Path(ns)    Netlist Resource(s)
  -------------------------------------------------------------------    -------------------
    SLICE_X43Y20         FDCE                         0.000     0.000 r  mem_reg[9]/C
    SLICE_X43Y20         FDCE (Prop_fdce_C_Q)         0.128     0.128 r  mem_reg[9]/Q
                         net (fo=3, routed)           0.165     0.293    mem_reg_n_0_[9]
    SLICE_X42Y21         LUT6 (Prop_lut6_I1_O)        0.098     0.391 r  mem[7]_i_1/O
                         net (fo=1, routed)           0.000     0.391    p_1_in[7]
    SLICE_X42Y21         FDCE                                         r  mem_reg[7]/D
  -------------------------------------------------------------------    -------------------

Slack:                    inf
  Source:                 mem_reg[20]/C
                            (rising edge-triggered cell FDCE)
  Destination:            mem_reg[15]/D
  Path Group:             (none)
  Path Type:              Min at Fast Process Corner
  Data Path Delay:        0.395ns  (logic 0.186ns (47.093%)  route 0.209ns (52.907%))
  Logic Levels:           2  (FDCE=1 LUT6=1)

    Location             Delay type                Incr(ns)  Path(ns)    Netlist Resource(s)
  -------------------------------------------------------------------    -------------------
    SLICE_X43Y19         FDCE                         0.000     0.000 r  mem_reg[20]/C
    SLICE_X43Y19         FDCE (Prop_fdce_C_Q)         0.141     0.141 r  mem_reg[20]/Q
                         net (fo=4, routed)           0.209     0.350    p_0_in[8]
    SLICE_X43Y21         LUT6 (Prop_lut6_I3_O)        0.045     0.395 r  mem[15]_i_2/O
                         net (fo=1, routed)           0.000     0.395    p_1_in[15]
    SLICE_X43Y21         FDCE                                         r  mem_reg[15]/D
  -------------------------------------------------------------------    -------------------

Slack:                    inf
  Source:                 mem_reg[7]/C
                            (rising edge-triggered cell FDCE)
  Destination:            b_reg_reg[7]/D
  Path Group:             (none)
  Path Type:              Min at Fast Process Corner
  Data Path Delay:        0.432ns  (logic 0.209ns (48.333%)  route 0.223ns (51.667%))
  Logic Levels:           2  (FDCE=1 LUT3=1)

    Location             Delay type                Incr(ns)  Path(ns)    Netlist Resource(s)
  -------------------------------------------------------------------    -------------------
    SLICE_X42Y21         FDCE                         0.000     0.000 r  mem_reg[7]/C
    SLICE_X42Y21         FDCE (Prop_fdce_C_Q)         0.164     0.164 r  mem_reg[7]/Q
                         net (fo=1, routed)           0.223     0.387    mem_reg_n_0_[7]
    SLICE_X42Y23         LUT3 (Prop_lut3_I0_O)        0.045     0.432 r  b_reg[7]_i_1/O
                         net (fo=1, routed)           0.000     0.432    b_reg[7]_i_1_n_0
    SLICE_X42Y23         FDCE                                         r  b_reg_reg[7]/D
  -------------------------------------------------------------------    -------------------





